// Jest Snapshot v1, https://goo.gl/fbAQLP

exports[`should handle on submit 1`] = `ShallowWrapper {}`;

exports[`should render add expense page correctly 1`] = `ShallowWrapper {}`;
