// Jest Snapshot v1, https://goo.gl/fbAQLP

exports[`should render ExpenseList with empty message 1`] = `ShallowWrapper {}`;

exports[`should render Expenselist with expenses 1`] = `ShallowWrapper {}`;

exports[`should render expenselist with expenses 1`] = `ShallowWrapper {}`;
